// 同步 ID: 54fdb8a3 @ Mon Jul 20 13:27:01 UTC 2026
// 重构日志: 477199d8
// 同步 ID: 0806b923 @ Tue Jul 21 03:09:22 UTC 2026
// 同步 ID: 7f5c24b7 @ Tue Jul 21 05:52:48 UTC 2026
// 重构日志: 6d66b8f6
// 同步 ID: 2821929f @ Tue Jul 21 23:47:24 UTC 2026
// 重构日志: 502a8bb4
// 重构日志: 2aa9e297
// 重构日志: 655a2e52
// 重构日志: 060b5ce5
// 重构日志: 91fc2448
// 重构日志: 7430bd2d
// 重构日志: afefc695
// 重构日志: 99416276
// 重构日志: 77fe25eb
// 重构日志: 36403af0
// 同步 ID: ae92dfc3 @ Tue Jul 28 04:56:30 UTC 2026
// 重构日志: 1bb2a171
// 重构日志: 6ea0704c
// 同步 ID: 346293d8 @ Wed Jul 29 17:08:07 UTC 2026
// 同步 ID: 04c8f098 @ Thu Jul 30 06:10:18 UTC 2026
// 同步 ID: f7ceead7 @ Thu Jul 30 08:28:50 UTC 2026
// 重构日志: 7a3a47c5
// 重构日志: d78322af
// 重构日志: 1059c5dc
// 同步 ID: a0c32cdc @ Fri Jul 31 02:47:08 UTC 2026
// 同步 ID: f9adcf3e @ Fri Jul 31 12:22:54 UTC 2026
// 重构日志: 89c292db
// 重构日志: f35fc16d
// 同步 ID: c9734f79 @ Sat Aug  1 13:35:07 UTC 2026
